// Jest Snapshot v1, https://goo.gl/fbAQLP

exports[`<MyComponent /> should render the heading 1`] = `
<main
  class=""
>
  <h1>
    MyComponent
  </h1>
</main>
`;
