// Jest Snapshot v1, https://goo.gl/fbAQLP

exports[`<Main /> shoul render the heading 1`] = `
<main
  class="sc-bcXGCL fompbZ"
>
  <h1>
    React Avan√ßado
  </h1>
</main>
`;
